// Jest Snapshot v1, https://goo.gl/fbAQLP

exports[`Header component Shoud render component 1`] = `
<div>
  <div
    class="sc-idXgbr gzbtzZ"
  >
    <div>
      <div
        class="sc-dIfARi bFrRsV"
      >
        MKS 
        <span>
          Sistemas
        </span>
      </div>
    </div>
    <button
      aria-controls="radix-:r3:"
      aria-expanded="false"
      aria-haspopup="dialog"
      class="sc-hBxehG jkjPVa"
      data-state="closed"
      type="button"
    >
      <svg
        fill="currentColor"
        height="24"
        viewBox="0 0 256 256"
        width="24"
        xmlns="http://www.w3.org/2000/svg"
      >
        <rect
          fill="none"
          height="256"
          width="256"
        />
        <path
          d="M184,184H69.8L41.9,30.6A8,8,0,0,0,34.1,24H16"
          fill="none"
          stroke="currentColor"
          stroke-linecap="round"
          stroke-linejoin="round"
          stroke-width="24"
        />
        <circle
          cx="80"
          cy="204"
          fill="none"
          r="20"
          stroke="currentColor"
          stroke-linecap="round"
          stroke-linejoin="round"
          stroke-width="24"
        />
        <circle
          cx="184"
          cy="204"
          fill="none"
          r="20"
          stroke="currentColor"
          stroke-linecap="round"
          stroke-linejoin="round"
          stroke-width="24"
        />
        <path
          d="M62.5,144H188.1a15.9,15.9,0,0,0,15.7-13.1L216,64H48"
          fill="none"
          stroke="currentColor"
          stroke-linecap="round"
          stroke-linejoin="round"
          stroke-width="24"
        />
      </svg>
      <span />
    </button>
  </div>
</div>
`;

exports[`Header component Text of Logo exists in component 1`] = `
<div
  class="sc-dIfARi bFrRsV"
>
  MKS 
  <span>
    Sistemas
  </span>
</div>
`;

exports[`Header component Text of Logo exists in component 2`] = `undefined`;
